[2026-08-14T01:19:57.135Z] [info] Browser telemetry logging initialized on client side.
[2026-08-14T01:19:57.151Z] [info] Browser telemetry logging initialized on client side.
[2026-08-14T01:19:57.169Z] [info] Browser telemetry logging initialized on client side.
[2026-08-14T01:20:29.708Z] [info] Browser telemetry logging initialized on client side.
[2026-08-14T01:20:30.420Z] [info] Browser telemetry logging initialized on client side.
[2026-08-14T01:20:33.117Z] [info] Starting GLTF load request for: /Image%20to%203D.glb
[2026-08-14T01:20:33.193Z] [error] GLTF loading failed: THREE.GLTFLoader: setMeshoptDecoder must be called before loading compressed files
[2026-08-14T01:21:01.568Z] [info] Browser telemetry logging initialized on client side.
[2026-08-14T01:21:04.750Z] [info] Starting GLTF load request for: /Image%20to%203D.glb
[2026-08-14T01:21:05.384Z] [info] GLB file parsed successfully by GLTFLoader!
[2026-08-14T01:21:05.399Z] [info] GLB center: x=0.0000055820877499779264, y=0.000002473047999940192, z=-2.1927500370999553e-9
[2026-08-14T01:21:05.417Z] [info] GLB size: x=0.5052188221755, y=0.6582432980959999, z=0.9999999956144999
[2026-08-14T01:21:05.430Z] [info] Calculated scaling factor: 2.0000000087710004
[2026-08-14T01:21:05.442Z] [info] Mesh [1] named "mesh_0" loaded with side=DoubleSide, metalness=1, roughness=1
[2026-08-14T01:21:05.457Z] [info] Traversed GLB: 1 total meshes found.
[2026-08-14T01:21:40.342Z] [info] Browser telemetry logging initialized on client side.
[2026-08-14T01:21:40.537Z] [info] Browser telemetry logging initialized on client side.
[2026-08-14T01:21:44.679Z] [info] Starting GLTF load request for: /Image%20to%203D.glb
[2026-08-14T01:21:44.834Z] [info] GLB file parsed successfully by GLTFLoader!
[2026-08-14T01:21:44.844Z] [info] GLB center: x=0.0000055820877499779264, y=0.000002473047999940192, z=-2.1927500370999553e-9
[2026-08-14T01:21:44.854Z] [info] GLB size: x=0.5052188221755, y=0.6582432980959999, z=0.9999999956144999
[2026-08-14T01:21:44.866Z] [info] Mesh [1] named "mesh_0" loaded with side=DoubleSide, metalness=1, roughness=1
[2026-08-14T01:21:44.880Z] [info] Calculated scaling factor: 2.0000000087710004
[2026-08-14T01:21:44.905Z] [info] Traversed GLB: 1 total meshes found.
[2026-08-14T01:23:05.295Z] [info] Browser telemetry logging initialized on client side.
[2026-08-14T01:23:05.495Z] [info] Browser telemetry logging initialized on client side.
[2026-08-14T01:23:09.430Z] [info] Starting GLTF load request for: /Image%20to%203D.glb
[2026-08-14T01:23:09.561Z] [info] GLB file parsed successfully by GLTFLoader!
[2026-08-14T01:23:09.571Z] [info] GLB center: x=0.0000055820877499779264, y=0.000002473047999940192, z=-2.1927500370999553e-9
[2026-08-14T01:23:09.584Z] [info] GLB size: x=0.5052188221755, y=0.6582432980959999, z=0.9999999956144999
[2026-08-14T01:23:09.602Z] [info] Calculated scaling factor: 2.0000000087710004
[2026-08-14T01:23:09.618Z] [info] Mesh [1] named "mesh_0" loaded with side=DoubleSide, metalness=1, roughness=1
[2026-08-14T01:23:09.634Z] [info] Traversed GLB: 1 total meshes found.
[2026-08-14T01:24:20.885Z] [info] Browser telemetry logging initialized on client side.
[2026-08-14T01:24:25.710Z] [info] Starting GLTF load request for: /Image%20to%203D.glb
[2026-08-14T01:24:25.838Z] [info] GLB file parsed successfully by GLTFLoader!
[2026-08-14T01:24:25.847Z] [info] GLB center: x=0.0000055820877499779264, y=0.000002473047999940192, z=-2.1927500370999553e-9
[2026-08-14T01:24:25.858Z] [info] GLB size: x=0.5052188221755, y=0.6582432980959999, z=0.9999999956144999
[2026-08-14T01:24:25.867Z] [info] Calculated scaling factor: 2.0000000087710004
[2026-08-14T01:24:25.880Z] [info] Mesh [1] "mesh_0": hasMap=true, color=ffffff, metalness=1, roughness=1
[2026-08-14T01:24:25.892Z] [info] Traversed GLB: 1 total meshes found.
[2026-08-14T01:25:05.317Z] [info] Starting GLTF load request for: /Image%20to%203D.glb
[2026-08-14T01:25:05.466Z] [info] GLB file parsed successfully by GLTFLoader!
[2026-08-14T01:25:05.476Z] [info] GLB center: x=0.0000055820877499779264, y=0.000002473047999940192, z=-2.1927500370999553e-9
[2026-08-14T01:25:05.490Z] [info] Mesh [1] "mesh_0": hasMap=true, color=ffffff, metalness=1, roughness=1
[2026-08-14T01:25:05.501Z] [info] GLB size: x=0.5052188221755, y=0.6582432980959999, z=0.9999999956144999
[2026-08-14T01:25:05.513Z] [info] Calculated scaling factor: 2.0000000087710004
[2026-08-14T01:25:05.524Z] [info] Traversed GLB: 1 total meshes found.
[2026-08-14T01:25:48.881Z] [info] Browser telemetry logging initialized on client side.
[2026-08-14T01:26:11.168Z] [info] Browser telemetry logging initialized on client side.
[2026-08-14T01:26:11.379Z] [info] Browser telemetry logging initialized on client side.
[2026-08-14T01:26:16.364Z] [info] Starting GLTF load request for: /Image%20to%203D.glb
[2026-08-14T01:26:16.555Z] [info] GLB file parsed successfully by GLTFLoader!
[2026-08-14T01:26:16.566Z] [info] GLB center: x=0.0000055820877499779264, y=0.000002473047999940192, z=-2.1927500370999553e-9
[2026-08-14T01:26:16.580Z] [info] GLB size: x=0.5052188221755, y=0.6582432980959999, z=0.9999999956144999
[2026-08-14T01:26:16.592Z] [info] Calculated scaling factor: 3.2000000140336007
[2026-08-14T01:26:16.606Z] [info] Mesh [1] "mesh_0": hasMap=true, color=ffffff, metalness=1, roughness=1
[2026-08-14T01:26:16.617Z] [info] Traversed GLB: 1 total meshes found.
[2026-08-14T01:26:43.493Z] [info] Starting GLTF load request for: /Image%20to%203D.glb
[2026-08-14T01:26:43.647Z] [info] GLB file parsed successfully by GLTFLoader!
[2026-08-14T01:26:43.659Z] [info] GLB center: x=0.0000055820877499779264, y=0.000002473047999940192, z=-2.1927500370999553e-9
[2026-08-14T01:26:43.670Z] [info] GLB size: x=0.5052188221755, y=0.6582432980959999, z=0.9999999956144999
[2026-08-14T01:26:43.681Z] [info] Calculated scaling factor: 3.2000000140336007
[2026-08-14T01:26:43.693Z] [info] Mesh [1] "mesh_0": hasMap=true, color=ffffff, metalness=1, roughness=1
[2026-08-14T01:26:43.705Z] [info] Traversed GLB: 1 total meshes found.
[2026-08-14T01:26:44.821Z] [info] Starting GLTF load request for: /Image%20to%203D.glb
[2026-08-14T01:26:44.951Z] [info] GLB file parsed successfully by GLTFLoader!
[2026-08-14T01:26:44.963Z] [info] GLB center: x=0.0000055820877499779264, y=0.000002473047999940192, z=-2.1927500370999553e-9
[2026-08-14T01:26:44.975Z] [info] GLB size: x=0.5052188221755, y=0.6582432980959999, z=0.9999999956144999
[2026-08-14T01:26:44.986Z] [info] Calculated scaling factor: 3.2000000140336007
[2026-08-14T01:26:44.999Z] [info] Mesh [1] "mesh_0": hasMap=true, color=ffffff, metalness=1, roughness=1
[2026-08-14T01:26:45.011Z] [info] Traversed GLB: 1 total meshes found.
[2026-08-14T01:26:45.457Z] [info] Starting GLTF load request for: /Image%20to%203D.glb
[2026-08-14T01:26:45.583Z] [info] GLB file parsed successfully by GLTFLoader!
[2026-08-14T01:26:45.592Z] [info] GLB center: x=0.0000055820877499779264, y=0.000002473047999940192, z=-2.1927500370999553e-9
[2026-08-14T01:26:45.604Z] [info] GLB size: x=0.5052188221755, y=0.6582432980959999, z=0.9999999956144999
[2026-08-14T01:26:45.617Z] [info] Calculated scaling factor: 3.2000000140336007
[2026-08-14T01:26:45.630Z] [info] Mesh [1] "mesh_0": hasMap=true, color=ffffff, metalness=1, roughness=1
[2026-08-14T01:26:45.641Z] [info] Traversed GLB: 1 total meshes found.
[2026-08-14T01:27:00.301Z] [info] Starting GLTF load request for: /Image%20to%203D.glb
[2026-08-14T01:27:00.430Z] [info] GLB file parsed successfully by GLTFLoader!
[2026-08-14T01:27:00.439Z] [info] GLB center: x=0.0000055820877499779264, y=0.000002473047999940192, z=-2.1927500370999553e-9
[2026-08-14T01:27:00.453Z] [info] GLB size: x=0.5052188221755, y=0.6582432980959999, z=0.9999999956144999
[2026-08-14T01:27:00.465Z] [info] Traversed GLB: 1 total meshes found.
[2026-08-14T01:27:00.480Z] [info] Calculated scaling factor: 3.2000000140336007
[2026-08-14T01:27:00.493Z] [info] Mesh [1] "mesh_0": hasMap=true, color=ffffff, metalness=1, roughness=1
[2026-08-14T01:28:35.559Z] [info] Browser telemetry logging initialized on client side.
[2026-08-14T01:28:35.771Z] [info] Browser telemetry logging initialized on client side.
[2026-08-14T01:28:42.697Z] [info] Starting GLTF load request for: /Image%20to%203D.glb
[2026-08-14T01:28:42.868Z] [info] GLB file parsed successfully by GLTFLoader!
[2026-08-14T01:28:42.880Z] [info] GLB center: x=0.0000055820877499779264, y=0.000002473047999940192, z=-2.1927500370999553e-9
[2026-08-14T01:28:42.891Z] [info] GLB size: x=0.5052188221755, y=0.6582432980959999, z=0.9999999956144999
[2026-08-14T01:28:42.904Z] [info] Calculated scaling factor: 3.2000000140336007
[2026-08-14T01:28:42.918Z] [info] Mesh [1] "mesh_0": hasMap=true, color=ffffff, metalness=1, roughness=1
[2026-08-14T01:28:42.930Z] [info] Traversed GLB: 1 total meshes found.
[2026-08-14T01:29:54.342Z] [info] Browser telemetry logging initialized on client side.
[2026-08-14T01:29:56.391Z] [info] Starting GLTF load request for: /Image%20to%203D.glb
[2026-08-14T01:29:56.539Z] [info] GLB file parsed successfully by GLTFLoader!
[2026-08-14T01:29:56.550Z] [info] GLB center: x=0.0000055820877499779264, y=0.000002473047999940192, z=-2.1927500370999553e-9
[2026-08-14T01:29:56.562Z] [info] GLB size: x=0.5052188221755, y=0.6582432980959999, z=0.9999999956144999
[2026-08-14T01:29:56.573Z] [info] Calculated scaling factor: 3.2000000140336007
[2026-08-14T01:29:56.587Z] [info] Mesh [1] "mesh_0": hasMap=true, color=ffffff, metalness=1, roughness=1
[2026-08-14T01:29:56.600Z] [info] Traversed GLB: 1 total meshes found.
[2026-08-14T01:54:41.475Z] [info] Browser telemetry logging initialized on client side.
[2026-08-14T01:54:41.509Z] [info] Browser telemetry logging initialized on client side.
[2026-08-14T01:55:05.011Z] [info] Browser telemetry logging initialized on client side.
[2026-08-14T01:55:55.570Z] [info] Browser telemetry logging initialized on client side.
[2026-08-14T01:55:55.617Z] [info] Browser telemetry logging initialized on client side.
[2026-08-14T01:55:55.634Z] [info] Browser telemetry logging initialized on client side.
[2026-08-14T01:56:21.142Z] [info] Starting GLTF load request for: /Image%20to%203D.glb
[2026-08-14T01:56:21.290Z] [info] GLB file parsed successfully by GLTFLoader!
[2026-08-14T01:56:21.306Z] [info] GLB center: x=0.0000055820877499779264, y=0.000002473047999940192, z=-2.1927500370999553e-9
[2026-08-14T01:56:21.320Z] [info] GLB size: x=0.5052188221755, y=0.6582432980959999, z=0.9999999956144999
[2026-08-14T01:56:21.332Z] [info] Mesh [1] "mesh_0": hasMap=true, color=ffffff, metalness=1, roughness=1
[2026-08-14T01:56:21.347Z] [info] Calculated scaling factor: 3.2000000140336007
[2026-08-14T01:56:21.361Z] [info] Traversed GLB: 1 total meshes found.
[2026-08-14T01:59:02.885Z] [info] Browser telemetry logging initialized on client side.
[2026-08-14T01:59:02.897Z] [info] Browser telemetry logging initialized on client side.
[2026-08-14T01:59:33.717Z] [info] Starting GLTF load request for new products showcase
[2026-08-14T01:59:33.769Z] [info] Starting GLTF load request for new products showcase
[2026-08-14T01:59:33.789Z] [info] Starting GLTF load request for new products showcase
[2026-08-14T01:59:33.850Z] [info] Starting GLTF load request for new products showcase
[2026-08-14T01:59:34.036Z] [info] Showcase GLB loaded successfully
[2026-08-14T01:59:34.051Z] [info] Showcase GLB loaded successfully
[2026-08-14T01:59:34.160Z] [info] Showcase GLB loaded successfully
[2026-08-14T01:59:34.171Z] [info] Showcase GLB loaded successfully
[2026-08-14T02:00:11.397Z] [info] Starting GLTF load request for new products showcase
[2026-08-14T02:00:11.566Z] [info] Showcase GLB loaded successfully
[2026-08-14T02:00:38.041Z] [info] Starting GLTF load request for new products showcase
[2026-08-14T02:00:38.167Z] [info] Showcase GLB loaded successfully
[2026-08-14T02:00:38.983Z] [info] Starting GLTF load request for new products showcase
[2026-08-14T02:00:39.504Z] [info] Showcase GLB loaded successfully
[2026-08-14T02:00:39.642Z] [info] Starting GLTF load request for new products showcase
[2026-08-14T02:00:39.797Z] [info] Showcase GLB loaded successfully
[2026-08-14T02:01:52.002Z] [info] Browser telemetry logging initialized on client side.
[2026-08-14T02:01:52.013Z] [info] Starting GLTF load request for new products showcase
[2026-08-14T02:01:52.153Z] [info] Showcase GLB loaded successfully
[2026-08-14T02:02:41.275Z] [info] Starting GLTF load request for new products showcase
[2026-08-14T02:02:41.289Z] [info] Starting GLTF load request for new products showcase
[2026-08-14T02:02:41.312Z] [info] Starting GLTF load request for new products showcase
[2026-08-14T02:02:41.384Z] [info] Starting GLTF load request for new products showcase
[2026-08-14T02:02:41.533Z] [info] Showcase GLB loaded successfully
[2026-08-14T02:02:41.559Z] [info] Showcase GLB loaded successfully
[2026-08-14T02:02:41.614Z] [info] Showcase GLB loaded successfully
[2026-08-14T02:02:41.629Z] [info] Showcase GLB loaded successfully
[2026-08-14T02:03:08.285Z] [info] Starting GLTF load request for new products showcase
[2026-08-14T02:03:08.896Z] [info] Showcase GLB loaded successfully
[2026-08-14T02:04:28.407Z] [info] Starting GLTF load request for new products showcase
[2026-08-14T02:04:28.467Z] [info] Starting GLTF load request for new products showcase
[2026-08-14T02:04:28.794Z] [info] Showcase GLB loaded successfully
[2026-08-14T02:04:28.808Z] [info] Showcase GLB loaded successfully
[2026-08-14T02:06:02.410Z] [info] Starting GLTF load request for new products showcase
[2026-08-14T02:06:02.461Z] [info] Starting GLTF load request for new products showcase
[2026-08-14T02:06:02.770Z] [info] Showcase GLB loaded successfully
[2026-08-14T02:06:02.785Z] [info] Showcase GLB loaded successfully
[2026-08-14T02:07:03.422Z] [info] Starting GLTF load request for new products showcase
[2026-08-14T02:07:03.472Z] [info] Starting GLTF load request for new products showcase
[2026-08-14T02:07:03.675Z] [info] Showcase GLB loaded successfully
[2026-08-14T02:07:03.693Z] [info] Showcase GLB loaded successfully
[2026-08-14T02:08:01.570Z] [info] Starting GLTF load request for new products showcase
[2026-08-14T02:08:01.610Z] [info] Starting GLTF load request for new products showcase
[2026-08-14T02:08:01.916Z] [info] Showcase GLB loaded successfully
[2026-08-14T02:08:01.945Z] [info] Showcase GLB loaded successfully
[2026-08-14T02:10:34.178Z] [info] Starting GLTF load request for new products showcase
[2026-08-14T02:10:34.238Z] [info] Starting GLTF load request for new products showcase
[2026-08-14T02:10:34.492Z] [info] Showcase GLB loaded successfully
[2026-08-14T02:10:34.505Z] [info] Showcase GLB loaded successfully
[2026-08-14T02:11:13.877Z] [info] Starting GLTF load request for new products showcase
[2026-08-14T02:11:13.928Z] [info] Starting GLTF load request for new products showcase
[2026-08-14T02:11:14.130Z] [info] Showcase GLB loaded successfully
[2026-08-14T02:11:14.149Z] [info] Showcase GLB loaded successfully
[2026-08-14T02:12:00.737Z] [info] Starting GLTF load request for new products showcase
[2026-08-14T02:12:00.790Z] [info] Starting GLTF load request for new products showcase
[2026-08-14T02:12:00.989Z] [info] Showcase GLB loaded successfully
[2026-08-14T02:12:01.016Z] [info] Showcase GLB loaded successfully
[2026-08-14T02:13:15.370Z] [info] Starting GLTF load request for new products showcase
[2026-08-14T02:13:15.406Z] [info] Starting GLTF load request for new products showcase
[2026-08-14T02:13:15.601Z] [info] Showcase GLB loaded successfully
[2026-08-14T02:13:15.639Z] [info] Showcase GLB loaded successfully
[2026-08-14T02:13:58.246Z] [info] Starting GLTF load request for new products showcase
[2026-08-14T02:13:58.300Z] [info] Starting GLTF load request for new products showcase
[2026-08-14T02:13:58.523Z] [info] Showcase GLB loaded successfully
[2026-08-14T02:13:58.537Z] [info] Showcase GLB loaded successfully
[2026-08-14T02:15:53.295Z] [info] Starting GLTF load request for new products showcase
[2026-08-14T02:15:53.448Z] [info] Showcase GLB loaded successfully
[2026-08-14T02:17:59.262Z] [info] Starting GLTF load request for new products showcase
[2026-08-14T02:17:59.627Z] [info] Showcase GLB loaded successfully
[2026-08-14T02:18:04.086Z] [info] Starting GLTF load request for new products showcase
[2026-08-14T02:18:04.628Z] [info] Showcase GLB loaded successfully
[2026-08-14T02:19:32.310Z] [info] Starting GLTF load request for new products showcase
[2026-08-14T02:19:33.202Z] [info] Showcase GLB loaded successfully
[2026-08-14T02:19:33.482Z] [info] Starting GLTF load request for new products showcase
[2026-08-14T02:19:50.547Z] [info] Starting GLTF load request for new products showcase
[2026-08-14T02:19:51.432Z] [info] Showcase GLB loaded successfully
[2026-08-14T02:19:51.649Z] [info] Starting GLTF load request for new products showcase
[2026-08-14T02:19:52.214Z] [info] Showcase GLB loaded successfully
[2026-08-14T02:20:35.093Z] [info] Starting GLTF load request for new products showcase
[2026-08-14T02:20:35.151Z] [info] Starting GLTF load request for new products showcase
[2026-08-14T02:20:35.633Z] [info] Showcase GLB loaded successfully
[2026-08-14T02:20:35.644Z] [info] Showcase GLB loaded successfully
[2026-08-14T02:22:56.927Z] [info] Starting GLTF load request for new products showcase
[2026-08-14T02:22:56.977Z] [info] Starting GLTF load request for new products showcase
[2026-08-14T02:22:57.471Z] [info] Showcase GLB loaded successfully
[2026-08-14T02:22:57.486Z] [info] Showcase GLB loaded successfully
[2026-08-14T02:23:49.304Z] [info] Starting GLTF load request for new products showcase
[2026-08-14T02:23:49.445Z] [info] Starting GLTF load request for new products showcase
[2026-08-14T02:23:49.496Z] [info] Starting GLTF load request for new products showcase
[2026-08-14T02:23:49.897Z] [info] Showcase GLB loaded successfully
[2026-08-14T02:23:49.921Z] [info] Showcase GLB loaded successfully
[2026-08-14T02:23:49.934Z] [info] Showcase GLB loaded successfully
[2026-08-14T02:24:23.521Z] [info] Starting GLTF load request for new products showcase
[2026-08-14T02:24:23.717Z] [info] Starting GLTF load request for new products showcase
[2026-08-14T02:24:23.747Z] [info] Starting GLTF load request for new products showcase
[2026-08-14T02:24:24.253Z] [info] Showcase GLB loaded successfully
[2026-08-14T02:24:24.280Z] [info] Showcase GLB loaded successfully
[2026-08-14T02:24:24.307Z] [info] Showcase GLB loaded successfully
[2026-08-14T02:24:41.403Z] [info] Starting GLTF load request for new products showcase
[2026-08-14T02:25:09.302Z] [info] Starting GLTF load request for new products showcase
[2026-08-14T02:25:09.353Z] [info] Starting GLTF load request for new products showcase
[2026-08-14T02:25:09.805Z] [info] Showcase GLB loaded successfully
[2026-08-14T02:25:09.817Z] [info] Showcase GLB loaded successfully
[2026-08-14T02:27:46.260Z] [info] Starting GLTF load request for new products showcase
[2026-08-14T02:27:46.429Z] [info] Starting GLTF load request for new products showcase
[2026-08-14T02:27:46.441Z] [info] Starting GLTF load request for new products showcase
[2026-08-14T02:27:46.687Z] [info] Showcase GLB loaded successfully
[2026-08-14T02:27:46.705Z] [info] Showcase GLB loaded successfully
[2026-08-14T02:27:46.719Z] [info] Showcase GLB loaded successfully
[2026-08-14T02:29:54.183Z] [info] Starting GLTF load request for new products showcase
[2026-08-14T02:29:54.367Z] [info] Starting GLTF load request for new products showcase
[2026-08-14T02:29:54.396Z] [info] Starting GLTF load request for new products showcase
[2026-08-14T02:29:54.970Z] [info] Showcase GLB loaded successfully
[2026-08-14T02:29:54.988Z] [info] Showcase GLB loaded successfully
[2026-08-14T02:29:55.001Z] [info] Showcase GLB loaded successfully
[2026-08-14T02:31:23.265Z] [info] Starting GLTF load request for new products showcase
[2026-08-14T02:31:23.527Z] [info] Starting GLTF load request for new products showcase
[2026-08-14T02:31:23.573Z] [info] Starting GLTF load request for new products showcase
[2026-08-14T02:31:23.999Z] [info] Starting GLTF load request for new products showcase
[2026-08-14T02:31:24.233Z] [info] Starting GLTF load request for new products showcase
[2026-08-14T02:31:24.309Z] [info] Starting GLTF load request for new products showcase
[2026-08-14T02:31:24.496Z] [info] Showcase GLB loaded successfully
[2026-08-14T02:31:24.511Z] [info] Showcase GLB loaded successfully
[2026-08-14T02:31:24.552Z] [info] Showcase GLB loaded successfully
[2026-08-14T02:31:25.067Z] [info] Showcase GLB loaded successfully
[2026-08-14T02:31:25.090Z] [info] Showcase GLB loaded successfully
[2026-08-14T02:31:25.121Z] [info] Showcase GLB loaded successfully
[2026-08-14T02:31:56.100Z] [info] Starting GLTF load request for new products showcase
[2026-08-14T02:31:56.280Z] [info] Starting GLTF load request for new products showcase
[2026-08-14T02:31:56.312Z] [info] Starting GLTF load request for new products showcase
[2026-08-14T02:31:57.161Z] [info] Showcase GLB loaded successfully
[2026-08-14T02:31:57.193Z] [info] Showcase GLB loaded successfully
[2026-08-14T02:31:57.207Z] [info] Showcase GLB loaded successfully
[2026-08-14T02:31:57.504Z] [info] Starting GLTF load request for new products showcase
[2026-08-14T02:31:57.665Z] [info] Starting GLTF load request for new products showcase
[2026-08-14T02:31:57.733Z] [info] Starting GLTF load request for new products showcase
[2026-08-14T02:31:58.317Z] [info] Showcase GLB loaded successfully
[2026-08-14T02:31:58.331Z] [info] Showcase GLB loaded successfully
[2026-08-14T02:31:58.346Z] [info] Showcase GLB loaded successfully
[2026-08-14T02:34:09.197Z] [info] Starting GLTF load request for new products showcase
[2026-08-14T02:34:09.323Z] [info] Starting GLTF load request for new products showcase
[2026-08-14T02:34:09.363Z] [info] Starting GLTF load request for new products showcase
[2026-08-14T02:34:10.197Z] [info] Showcase GLB loaded successfully
[2026-08-14T02:34:10.212Z] [info] Showcase GLB loaded successfully
[2026-08-14T02:34:10.228Z] [info] Showcase GLB loaded successfully
[2026-08-14T02:34:10.512Z] [info] Starting GLTF load request for new products showcase
[2026-08-14T02:34:10.635Z] [info] Starting GLTF load request for new products showcase
[2026-08-14T02:34:10.692Z] [info] Starting GLTF load request for new products showcase
[2026-08-14T02:34:11.277Z] [info] Showcase GLB loaded successfully
[2026-08-14T02:34:11.314Z] [info] Showcase GLB loaded successfully
[2026-08-14T02:34:11.329Z] [info] Showcase GLB loaded successfully
[2026-08-14T02:35:40.739Z] [info] Starting GLTF load request for new products showcase
[2026-08-14T02:35:40.798Z] [info] Starting GLTF load request for new products showcase
[2026-08-14T02:35:41.079Z] [info] Showcase GLB loaded successfully
[2026-08-14T02:35:41.090Z] [info] Showcase GLB loaded successfully
[2026-08-14T02:38:20.475Z] [info] Starting GLTF load request for new products showcase
[2026-08-14T02:38:20.642Z] [info] Starting GLTF load request for new products showcase
[2026-08-14T02:38:20.651Z] [info] Starting GLTF load request for new products showcase
[2026-08-14T02:38:20.829Z] [info] Showcase GLB loaded successfully
[2026-08-14T02:38:20.851Z] [info] Showcase GLB loaded successfully
[2026-08-14T02:38:20.875Z] [info] Showcase GLB loaded successfully
[2026-08-14T02:38:23.364Z] [info] Starting GLTF load request for new products showcase
[2026-08-14T02:38:23.501Z] [info] Starting GLTF load request for new products showcase
[2026-08-14T02:38:23.554Z] [info] Starting GLTF load request for new products showcase
[2026-08-14T02:38:23.939Z] [info] Showcase GLB loaded successfully
[2026-08-14T02:38:23.978Z] [info] Showcase GLB loaded successfully
[2026-08-14T02:38:23.997Z] [info] Showcase GLB loaded successfully
[2026-08-14T02:38:36.287Z] [info] Starting GLTF load request for new products showcase
[2026-08-14T02:38:36.443Z] [info] Starting GLTF load request for new products showcase
[2026-08-14T02:38:36.471Z] [info] Starting GLTF load request for new products showcase
[2026-08-14T02:38:37.185Z] [info] Showcase GLB loaded successfully
[2026-08-14T02:38:37.204Z] [info] Showcase GLB loaded successfully
[2026-08-14T02:38:37.220Z] [info] Showcase GLB loaded successfully
[2026-08-14T02:38:46.257Z] [info] Starting GLTF load request for new products showcase
[2026-08-14T02:38:46.406Z] [info] Starting GLTF load request for new products showcase
[2026-08-14T02:38:46.460Z] [info] Starting GLTF load request for new products showcase
[2026-08-14T02:38:47.062Z] [info] Showcase GLB loaded successfully
[2026-08-14T02:38:47.082Z] [info] Showcase GLB loaded successfully
[2026-08-14T02:38:47.099Z] [info] Showcase GLB loaded successfully
[2026-08-14T02:41:44.992Z] [info] Starting GLTF load request for new products showcase
[2026-08-14T02:41:45.020Z] [info] Starting GLTF load request for new products showcase
[2026-08-14T02:41:45.262Z] [info] Showcase GLB loaded successfully
[2026-08-14T02:41:45.276Z] [info] Showcase GLB loaded successfully
[2026-08-15T02:41:51.762Z] [info] Starting GLTF load request for new products showcase
[2026-08-15T02:41:52.106Z] [info] Starting GLTF load request for new products showcase
[2026-08-15T02:41:52.123Z] [info] Starting GLTF load request for new products showcase
[2026-08-15T02:41:52.990Z] [info] Showcase GLB loaded successfully
[2026-08-15T02:41:53.012Z] [info] Showcase GLB loaded successfully
[2026-08-15T02:41:53.027Z] [info] Showcase GLB loaded successfully
[2026-08-15T03:58:55.631Z] [info] Starting GLTF load request for new products showcase
[2026-08-15T03:58:55.659Z] [info] Starting GLTF load request for new products showcase
[2026-08-15T03:58:55.675Z] [info] Starting GLTF load request for new products showcase
[2026-08-15T06:04:04.631Z] [info] Starting GLTF load request for new products showcase
[2026-08-15T06:04:04.891Z] [info] Starting GLTF load request for new products showcase
[2026-08-15T06:04:04.921Z] [info] Starting GLTF load request for new products showcase
[2026-08-15T06:04:05.574Z] [info] Showcase GLB loaded successfully
[2026-08-15T06:04:05.610Z] [info] Showcase GLB loaded successfully
[2026-08-15T06:04:05.628Z] [info] Showcase GLB loaded successfully
[2026-08-15T06:09:07.608Z] [info] Starting GLTF load request for new products showcase
[2026-08-15T06:09:07.844Z] [info] Starting GLTF load request for new products showcase
[2026-08-15T06:09:07.861Z] [info] Starting GLTF load request for new products showcase
[2026-08-15T06:09:07.999Z] [info] Showcase GLB loaded successfully
[2026-08-15T06:09:08.019Z] [info] Showcase GLB loaded successfully
[2026-08-15T06:09:08.037Z] [info] Showcase GLB loaded successfully
[2026-08-15T07:34:44.596Z] [info] Starting GLTF load request for new products showcase
[2026-08-15T07:34:44.786Z] [info] Starting GLTF load request for new products showcase
[2026-08-15T07:34:44.831Z] [info] Starting GLTF load request for new products showcase
[2026-08-15T07:34:45.129Z] [info] Showcase GLB loaded successfully
[2026-08-15T07:34:45.168Z] [info] Showcase GLB loaded successfully
[2026-08-15T07:34:45.180Z] [info] Showcase GLB loaded successfully
[2026-08-15T07:42:55.109Z] [info] Starting GLTF load request for new products showcase
[2026-08-15T07:42:55.226Z] [info] Starting GLTF load request for new products showcase
[2026-08-15T07:42:55.259Z] [info] Starting GLTF load request for new products showcase
[2026-08-15T07:42:55.488Z] [info] Showcase GLB loaded successfully
[2026-08-15T07:42:55.505Z] [info] Showcase GLB loaded successfully
[2026-08-15T07:42:55.659Z] [info] Showcase GLB loaded successfully
[2026-08-15T07:45:19.236Z] [info] Starting GLTF load request for new products showcase
[2026-08-15T07:45:19.285Z] [info] Starting GLTF load request for new products showcase
[2026-08-15T07:45:19.566Z] [info] Showcase GLB loaded successfully
[2026-08-15T07:45:19.598Z] [info] Showcase GLB loaded successfully
[2026-08-15T07:48:49.334Z] [info] Starting GLTF load request for new products showcase
[2026-08-15T07:48:49.561Z] [info] Starting GLTF load request for new products showcase
[2026-08-15T07:48:49.584Z] [info] Starting GLTF load request for new products showcase
[2026-08-15T07:48:49.619Z] [info] Showcase GLB loaded successfully
[2026-08-15T07:48:49.639Z] [info] Showcase GLB loaded successfully
[2026-08-15T07:48:49.656Z] [info] Showcase GLB loaded successfully
[2026-08-15T07:50:24.283Z] [info] Starting GLTF load request for new products showcase
[2026-08-15T07:50:24.430Z] [info] Starting GLTF load request for new products showcase
[2026-08-15T07:50:24.441Z] [info] Starting GLTF load request for new products showcase
[2026-08-15T07:50:24.617Z] [info] Showcase GLB loaded successfully
[2026-08-15T07:50:24.648Z] [info] Showcase GLB loaded successfully
[2026-08-15T07:50:24.673Z] [info] Showcase GLB loaded successfully
[2026-08-15T07:51:36.993Z] [info] Starting GLTF load request for new products showcase
[2026-08-15T07:51:37.053Z] [info] Starting GLTF load request for new products showcase
[2026-08-15T07:51:37.079Z] [info] Starting GLTF load request for new products showcase
[2026-08-15T07:51:37.371Z] [info] Showcase GLB loaded successfully
[2026-08-15T07:51:37.396Z] [info] Showcase GLB loaded successfully
[2026-08-15T07:51:37.422Z] [info] Showcase GLB loaded successfully
[2026-08-15T10:24:02.704Z] [info] Starting GLTF load request for new products showcase
[2026-08-15T10:24:02.999Z] [info] Starting GLTF load request for new products showcase
[2026-08-15T10:24:03.019Z] [info] Showcase GLB loaded successfully
[2026-08-15T10:24:03.102Z] [info] Showcase GLB loaded successfully
[2026-08-15T10:27:33.233Z] [info] Starting GLTF load request for new products showcase
[2026-08-15T10:27:33.305Z] [info] Starting GLTF load request for new products showcase
[2026-08-15T10:27:33.506Z] [info] Showcase GLB loaded successfully
[2026-08-15T10:27:33.521Z] [info] Showcase GLB loaded successfully
[2026-08-15T10:27:57.857Z] [info] Starting GLTF load request for new products showcase
[2026-08-15T10:27:57.909Z] [info] Starting GLTF load request for new products showcase
[2026-08-15T10:27:58.185Z] [info] Showcase GLB loaded successfully
[2026-08-15T10:27:58.198Z] [info] Showcase GLB loaded successfully
[2026-08-15T14:44:37.846Z] [info] Starting GLTF load request for new products showcase
[2026-08-15T14:44:38.016Z] [info] Starting GLTF load request for new products showcase
[2026-08-15T14:44:38.034Z] [info] Starting GLTF load request for new products showcase
[2026-08-15T14:44:38.601Z] [info] Showcase GLB loaded successfully
[2026-08-15T14:44:38.614Z] [info] Showcase GLB loaded successfully
[2026-08-15T14:44:38.627Z] [info] Showcase GLB loaded successfully
[2026-08-17T16:58:27.787Z] [info] Starting GLTF load request for new products showcase
[2026-08-17T16:58:28.504Z] [info] Starting GLTF load request for new products showcase
[2026-08-17T16:58:28.627Z] [info] Starting GLTF load request for new products showcase
[2026-08-17T16:58:41.452Z] [info] Showcase GLB loaded successfully
[2026-08-17T16:58:41.585Z] [info] Showcase GLB loaded successfully
[2026-08-17T16:58:41.639Z] [info] Showcase GLB loaded successfully
[2026-08-17T17:01:48.920Z] [info] Starting GLTF load request for new products showcase
[2026-08-17T17:01:50.241Z] [info] Starting GLTF load request for new products showcase
[2026-08-17T17:01:50.316Z] [info] Starting GLTF load request for new products showcase
[2026-08-17T17:01:51.692Z] [info] Showcase GLB loaded successfully
[2026-08-17T17:01:51.781Z] [info] Showcase GLB loaded successfully
[2026-08-17T17:01:52.068Z] [info] Showcase GLB loaded successfully
[2026-08-17T17:22:48.199Z] [info] Starting GLTF load request for new products showcase
[2026-08-17T17:22:59.329Z] [info] Starting GLTF load request for new products showcase
[2026-08-17T17:23:03.539Z] [info] Starting GLTF load request for new products showcase
[2026-08-17T17:23:38.113Z] [info] Showcase GLB loaded successfully
[2026-08-17T17:23:39.560Z] [info] Showcase GLB loaded successfully
[2026-08-17T17:23:43.612Z] [info] Showcase GLB loaded successfully
[2026-08-17T17:42:38.539Z] [info] Starting GLTF load request for new products showcase
[2026-08-17T17:42:40.380Z] [info] Starting GLTF load request for new products showcase
[2026-08-17T17:42:40.420Z] [info] Starting GLTF load request for new products showcase
[2026-08-17T17:42:40.791Z] [info] Showcase GLB loaded successfully
[2026-08-17T17:42:40.999Z] [info] Showcase GLB loaded successfully
[2026-08-17T17:42:41.844Z] [info] Showcase GLB loaded successfully
[2026-08-17T17:42:49.737Z] [info] Starting GLTF load request for new products showcase
[2026-08-17T17:42:50.944Z] [info] Starting GLTF load request for new products showcase
[2026-08-17T17:42:50.985Z] [info] Starting GLTF load request for new products showcase
[2026-08-17T17:42:52.981Z] [info] Showcase GLB loaded successfully
[2026-08-17T17:42:53.096Z] [info] Showcase GLB loaded successfully
[2026-08-17T17:42:53.381Z] [info] Showcase GLB loaded successfully
[2026-08-17T17:49:52.448Z] [info] Starting GLTF load request for new products showcase
[2026-08-17T17:49:59.611Z] [info] Starting GLTF load request for new products showcase
[2026-08-17T17:49:59.704Z] [info] Starting GLTF load request for new products showcase
[2026-08-17T17:50:03.188Z] [info] Showcase GLB loaded successfully
[2026-08-17T17:50:03.206Z] [info] Showcase GLB loaded successfully
[2026-08-17T17:50:06.241Z] [info] Showcase GLB loaded successfully
[2026-08-17T17:50:17.458Z] [info] Starting GLTF load request for new products showcase
[2026-08-17T17:50:23.857Z] [info] Starting GLTF load request for new products showcase
[2026-08-17T17:50:29.105Z] [info] Starting GLTF load request for new products showcase
[2026-08-17T17:50:54.615Z] [info] Showcase GLB loaded successfully
[2026-08-17T17:50:57.382Z] [info] Showcase GLB loaded successfully
[2026-08-17T17:51:08.401Z] [info] Showcase GLB loaded successfully
[2026-08-18T00:49:33.478Z] [info] Starting GLTF load request for new products showcase
[2026-08-18T00:49:36.482Z] [info] Starting GLTF load request for new products showcase
[2026-08-18T00:49:49.919Z] [info] Starting GLTF load request for new products showcase
[2026-08-18T00:50:11.425Z] [info] Showcase GLB loaded successfully
[2026-08-18T00:50:11.886Z] [info] Showcase GLB loaded successfully
[2026-08-18T00:50:18.071Z] [info] Showcase GLB loaded successfully
[2026-08-18T00:58:55.402Z] [info] Starting GLTF load request for new products showcase
[2026-08-18T00:58:59.576Z] [info] Starting GLTF load request for new products showcase
[2026-08-18T00:59:01.499Z] [info] Starting GLTF load request for new products showcase
[2026-08-18T00:59:30.804Z] [info] Showcase GLB loaded successfully
[2026-08-18T00:59:30.945Z] [info] Showcase GLB loaded successfully
[2026-08-18T00:59:31.197Z] [info] Showcase GLB loaded successfully
[2026-08-18T01:06:48.019Z] [info] Starting GLTF load request for new products showcase
[2026-08-18T01:06:48.295Z] [info] Starting GLTF load request for new products showcase
[2026-08-18T01:06:48.307Z] [info] Starting GLTF load request for new products showcase
[2026-08-18T01:06:48.644Z] [info] Showcase GLB loaded successfully
[2026-08-18T01:06:48.669Z] [info] Showcase GLB loaded successfully
[2026-08-18T01:06:48.689Z] [info] Showcase GLB loaded successfully
[2026-08-18T16:18:45.725Z] [info] Starting GLTF load request for new products showcase
[2026-08-18T16:18:45.946Z] [info] Starting GLTF load request for new products showcase
[2026-08-18T16:18:45.973Z] [info] Starting GLTF load request for new products showcase
[2026-08-18T16:18:46.646Z] [info] Showcase GLB loaded successfully
[2026-08-18T16:18:46.676Z] [info] Showcase GLB loaded successfully
[2026-08-18T16:18:46.690Z] [info] Showcase GLB loaded successfully
[2026-08-18T16:20:53.844Z] [info] Starting GLTF load request for new products showcase
[2026-08-18T16:20:54.063Z] [info] Starting GLTF load request for new products showcase
[2026-08-18T16:20:54.078Z] [info] Starting GLTF load request for new products showcase
[2026-08-18T16:20:54.113Z] [info] Showcase GLB loaded successfully
[2026-08-18T16:20:54.128Z] [info] Showcase GLB loaded successfully
[2026-08-18T16:20:54.139Z] [info] Showcase GLB loaded successfully
[2026-08-18T16:23:13.836Z] [info] Starting GLTF load request for new products showcase
[2026-08-18T16:23:13.886Z] [info] Starting GLTF load request for new products showcase
[2026-08-18T16:23:14.161Z] [info] Showcase GLB loaded successfully
[2026-08-18T16:23:14.181Z] [info] Showcase GLB loaded successfully
[2026-08-18T16:25:33.973Z] [info] Starting GLTF load request for new products showcase
[2026-08-18T16:25:34.024Z] [info] Starting GLTF load request for new products showcase
[2026-08-18T16:25:34.323Z] [info] Showcase GLB loaded successfully
[2026-08-18T16:25:34.336Z] [info] Showcase GLB loaded successfully
[2026-08-18T16:25:57.777Z] [info] Starting GLTF load request for new products showcase
[2026-08-18T16:25:57.913Z] [info] Showcase GLB loaded successfully
[2026-08-18T16:27:31.221Z] [info] Starting GLTF load request for new products showcase
[2026-08-18T16:27:31.287Z] [info] Starting GLTF load request for new products showcase
[2026-08-18T16:27:31.605Z] [info] Showcase GLB loaded successfully
[2026-08-18T16:27:31.622Z] [info] Showcase GLB loaded successfully
[2026-08-18T16:28:22.375Z] [info] Starting GLTF load request for new products showcase
[2026-08-18T16:28:22.429Z] [info] Starting GLTF load request for new products showcase
[2026-08-18T16:28:22.723Z] [info] Showcase GLB loaded successfully
[2026-08-18T16:28:22.739Z] [info] Showcase GLB loaded successfully
[2026-08-18T16:29:56.479Z] [info] Starting GLTF load request for new products showcase
[2026-08-18T16:29:56.525Z] [info] Starting GLTF load request for new products showcase
[2026-08-18T16:29:56.815Z] [info] Showcase GLB loaded successfully
[2026-08-18T16:29:56.827Z] [info] Showcase GLB loaded successfully
[2026-08-18T16:33:35.701Z] [info] Starting GLTF load request for new products showcase
[2026-08-18T16:33:35.746Z] [info] Starting GLTF load request for new products showcase
[2026-08-18T16:33:36.027Z] [info] Showcase GLB loaded successfully
[2026-08-18T16:33:36.038Z] [info] Showcase GLB loaded successfully
[2026-08-18T16:33:39.841Z] [info] Starting GLTF load request for new products showcase
[2026-08-18T16:33:39.888Z] [info] Starting GLTF load request for new products showcase
[2026-08-18T16:33:40.172Z] [info] Showcase GLB loaded successfully
[2026-08-18T16:33:40.185Z] [info] Showcase GLB loaded successfully
[2026-08-18T16:38:30.576Z] [info] Starting GLTF load request for new products showcase
[2026-08-18T16:38:30.754Z] [info] Starting GLTF load request for new products showcase
[2026-08-18T16:38:30.772Z] [info] Starting GLTF load request for new products showcase
[2026-08-18T16:38:30.941Z] [info] Showcase GLB loaded successfully
[2026-08-18T16:38:30.981Z] [info] Showcase GLB loaded successfully
[2026-08-18T16:38:30.995Z] [info] Showcase GLB loaded successfully
[2026-08-18T16:39:25.003Z] [info] Starting GLTF load request for new products showcase
[2026-08-18T16:39:25.094Z] [info] Starting GLTF load request for new products showcase
[2026-08-18T16:39:25.311Z] [info] Showcase GLB loaded successfully
[2026-08-18T16:39:25.323Z] [info] Showcase GLB loaded successfully
[2026-08-18T16:40:22.933Z] [info] Starting GLTF load request for new products showcase
[2026-08-18T16:40:23.065Z] [info] Showcase GLB loaded successfully
[2026-08-18T16:40:24.627Z] [info] Starting GLTF load request for new products showcase
[2026-08-18T16:40:24.759Z] [info] Showcase GLB loaded successfully
[2026-08-18T16:40:36.634Z] [info] Starting GLTF load request for new products showcase
[2026-08-18T16:40:36.813Z] [info] Starting GLTF load request for new products showcase
[2026-08-18T16:40:36.835Z] [info] Starting GLTF load request for new products showcase
[2026-08-18T16:40:37.116Z] [info] Showcase GLB loaded successfully
[2026-08-18T16:40:37.145Z] [info] Showcase GLB loaded successfully
[2026-08-18T16:40:37.186Z] [info] Showcase GLB loaded successfully
[2026-08-18T16:41:17.721Z] [info] Starting GLTF load request for new products showcase
[2026-08-18T16:41:17.787Z] [info] Starting GLTF load request for new products showcase
[2026-08-18T16:41:18.048Z] [info] Showcase GLB loaded successfully
[2026-08-18T16:41:18.076Z] [info] Showcase GLB loaded successfully
[2026-08-18T16:47:56.431Z] [info] Starting GLTF load request for new products showcase
[2026-08-18T16:47:56.478Z] [info] Starting GLTF load request for new products showcase
[2026-08-18T16:47:56.778Z] [info] Showcase GLB loaded successfully
[2026-08-18T16:47:56.792Z] [info] Showcase GLB loaded successfully
[2026-08-18T16:49:44.050Z] [info] Starting GLTF load request for new products showcase
[2026-08-18T16:49:44.146Z] [info] Starting GLTF load request for new products showcase
[2026-08-18T16:49:44.366Z] [info] Showcase GLB loaded successfully
[2026-08-18T16:49:44.380Z] [info] Showcase GLB loaded successfully
[2026-08-18T16:49:55.371Z] [info] Starting GLTF load request for new products showcase
[2026-08-18T16:49:55.511Z] [info] Starting GLTF load request for new products showcase
[2026-08-18T16:49:55.552Z] [info] Starting GLTF load request for new products showcase
[2026-08-18T16:49:55.845Z] [info] Showcase GLB loaded successfully
[2026-08-18T16:49:55.864Z] [info] Showcase GLB loaded successfully
[2026-08-18T16:49:55.884Z] [info] Showcase GLB loaded successfully
[2026-08-18T16:55:03.182Z] [info] Starting GLTF load request for new products showcase
[2026-08-18T16:55:03.440Z] [info] Starting GLTF load request for new products showcase
[2026-08-18T16:55:03.466Z] [info] Starting GLTF load request for new products showcase
[2026-08-18T16:55:03.488Z] [info] Starting GLTF load request for new products showcase
[2026-08-18T16:55:03.512Z] [info] Starting GLTF load request for new products showcase
[2026-08-18T16:55:03.568Z] [info] Starting GLTF load request for new products showcase
[2026-08-18T16:55:03.618Z] [info] Showcase GLB loaded successfully
[2026-08-18T16:55:03.633Z] [info] Showcase GLB loaded successfully
[2026-08-18T16:55:03.648Z] [info] Showcase GLB loaded successfully
[2026-08-18T16:55:03.745Z] [info] Showcase GLB loaded successfully
[2026-08-18T16:55:03.768Z] [info] Showcase GLB loaded successfully
[2026-08-18T16:55:03.800Z] [info] Showcase GLB loaded successfully
[2026-08-18T16:57:09.723Z] [info] Starting GLTF load request for new products showcase
[2026-08-18T16:57:10.051Z] [info] Starting GLTF load request for new products showcase
[2026-08-18T16:57:10.066Z] [info] Starting GLTF load request for new products showcase
[2026-08-18T16:57:10.081Z] [info] Showcase GLB loaded successfully
[2026-08-18T16:57:10.137Z] [info] Showcase GLB loaded successfully
[2026-08-18T16:57:10.149Z] [info] Showcase GLB loaded successfully
[2026-08-18T16:57:16.220Z] [info] Starting GLTF load request for new products showcase
[2026-08-18T16:57:16.333Z] [info] Starting GLTF load request for new products showcase
[2026-08-18T16:57:16.359Z] [info] Starting GLTF load request for new products showcase
[2026-08-18T16:57:16.674Z] [info] Showcase GLB loaded successfully
[2026-08-18T16:57:16.729Z] [info] Showcase GLB loaded successfully
[2026-08-18T16:57:16.741Z] [info] Showcase GLB loaded successfully
[2026-08-18T17:02:31.524Z] [info] Starting GLTF load request for new products showcase
[2026-08-18T17:02:31.599Z] [info] Starting GLTF load request for new products showcase
[2026-08-18T17:02:31.643Z] [info] Starting GLTF load request for new products showcase
[2026-08-18T17:02:31.873Z] [info] Showcase GLB loaded successfully
[2026-08-18T17:02:31.896Z] [info] Showcase GLB loaded successfully
[2026-08-18T17:02:31.910Z] [info] Showcase GLB loaded successfully
[2026-08-18T17:03:42.848Z] [info] Starting GLTF load request for new products showcase
[2026-08-18T17:03:42.932Z] [info] Starting GLTF load request for new products showcase
[2026-08-18T17:03:42.986Z] [info] Starting GLTF load request for new products showcase
[2026-08-18T17:03:43.254Z] [info] Showcase GLB loaded successfully
[2026-08-18T17:03:43.287Z] [info] Showcase GLB loaded successfully
[2026-08-18T17:03:43.315Z] [info] Showcase GLB loaded successfully
[2026-08-18T17:03:44.634Z] [info] Starting GLTF load request for new products showcase
[2026-08-18T17:03:44.669Z] [info] Starting GLTF load request for new products showcase
[2026-08-18T17:03:44.925Z] [info] Showcase GLB loaded successfully
[2026-08-18T17:03:44.937Z] [info] Showcase GLB loaded successfully
[2026-08-18T17:04:24.044Z] [info] Starting GLTF load request for new products showcase
[2026-08-18T17:04:24.103Z] [info] Starting GLTF load request for new products showcase
[2026-08-18T17:04:24.400Z] [info] Showcase GLB loaded successfully
[2026-08-18T17:04:24.433Z] [info] Showcase GLB loaded successfully
[2026-08-18T17:06:32.249Z] [info] Starting GLTF load request for new products showcase
[2026-08-18T17:06:32.297Z] [info] Starting GLTF load request for new products showcase
[2026-08-18T17:06:32.570Z] [info] Showcase GLB loaded successfully
[2026-08-18T17:06:32.587Z] [info] Showcase GLB loaded successfully
[2026-08-18T17:26:27.785Z] [info] Starting GLTF load request for new products showcase
[2026-08-18T17:26:27.873Z] [info] Starting GLTF load request for new products showcase
[2026-08-18T17:26:28.114Z] [info] Showcase GLB loaded successfully
[2026-08-18T17:26:28.141Z] [info] Showcase GLB loaded successfully
[2026-08-18T17:26:41.963Z] [info] Starting GLTF load request for new products showcase
[2026-08-18T17:26:42.072Z] [info] Starting GLTF load request for new products showcase
[2026-08-18T17:26:42.114Z] [info] Starting GLTF load request for new products showcase
[2026-08-18T17:26:42.390Z] [info] Showcase GLB loaded successfully
[2026-08-18T17:26:42.405Z] [info] Showcase GLB loaded successfully
[2026-08-18T17:26:42.437Z] [info] Showcase GLB loaded successfully
[2026-08-18T17:54:35.486Z] [info] Starting GLTF load request for new products showcase
[2026-08-18T17:54:35.619Z] [info] Starting GLTF load request for new products showcase
[2026-08-18T17:54:35.854Z] [info] Showcase GLB loaded successfully
[2026-08-18T17:54:35.917Z] [info] Showcase GLB loaded successfully
[2026-08-18T17:54:46.260Z] [info] Starting GLTF load request for new products showcase
[2026-08-18T17:54:46.454Z] [info] Starting GLTF load request for new products showcase
[2026-08-18T17:54:46.498Z] [info] Starting GLTF load request for new products showcase
[2026-08-18T17:54:46.768Z] [info] Showcase GLB loaded successfully
[2026-08-18T17:54:46.816Z] [info] Showcase GLB loaded successfully
[2026-08-18T17:54:46.835Z] [info] Showcase GLB loaded successfully
[2026-08-18T17:57:11.362Z] [info] Starting GLTF load request for new products showcase
[2026-08-18T17:57:11.492Z] [info] Showcase GLB loaded successfully
[2026-08-18T18:09:23.025Z] [info] Starting GLTF load request for new products showcase
[2026-08-18T18:09:23.178Z] [info] Starting GLTF load request for new products showcase
[2026-08-18T18:09:23.263Z] [info] Starting GLTF load request for new products showcase
[2026-08-18T18:09:23.481Z] [info] Showcase GLB loaded successfully
[2026-08-18T18:09:23.501Z] [info] Showcase GLB loaded successfully
[2026-08-18T18:09:23.534Z] [info] Showcase GLB loaded successfully
[2026-08-18T18:12:54.572Z] [info] Starting GLTF load request for new products showcase
[2026-08-18T18:12:54.632Z] [info] Starting GLTF load request for new products showcase
[2026-08-18T18:13:47.231Z] [info] Starting GLTF load request for new products showcase
[2026-08-18T18:13:47.421Z] [info] Starting GLTF load request for new products showcase
[2026-08-18T18:13:47.442Z] [info] Starting GLTF load request for new products showcase
[2026-08-18T18:13:48.469Z] [info] Showcase GLB loaded successfully
[2026-08-18T18:13:48.490Z] [info] Showcase GLB loaded successfully
[2026-08-18T18:13:48.535Z] [info] Showcase GLB loaded successfully
[2026-08-18T18:14:42.038Z] [info] Starting GLTF load request for new products showcase
[2026-08-18T18:14:42.093Z] [info] Starting GLTF load request for new products showcase
[2026-08-18T18:14:42.416Z] [info] Showcase GLB loaded successfully
[2026-08-18T18:14:42.438Z] [info] Showcase GLB loaded successfully
[2026-08-18T18:14:50.902Z] [info] Starting GLTF load request for new products showcase
[2026-08-18T18:14:50.951Z] [info] Starting GLTF load request for new products showcase
[2026-08-18T18:14:51.287Z] [info] Showcase GLB loaded successfully
[2026-08-18T18:14:51.349Z] [info] Showcase GLB loaded successfully
[2026-08-18T18:33:40.436Z] [info] Starting GLTF load request for new products showcase
[2026-08-18T18:33:40.728Z] [info] Starting GLTF load request for new products showcase
[2026-08-18T18:33:40.751Z] [info] Starting GLTF load request for new products showcase
[2026-08-18T18:33:40.868Z] [info] Showcase GLB loaded successfully
[2026-08-18T18:33:40.892Z] [info] Showcase GLB loaded successfully
[2026-08-18T18:33:40.922Z] [info] Showcase GLB loaded successfully
[2026-08-18T18:33:48.911Z] [info] Starting GLTF load request for new products showcase
[2026-08-18T18:33:49.081Z] [info] Starting GLTF load request for new products showcase
[2026-08-18T18:33:49.146Z] [info] Starting GLTF load request for new products showcase
[2026-08-18T18:33:49.340Z] [info] Showcase GLB loaded successfully
[2026-08-18T18:33:49.382Z] [info] Showcase GLB loaded successfully
[2026-08-18T18:33:49.404Z] [info] Showcase GLB loaded successfully
[2026-08-18T18:34:30.338Z] [info] Starting GLTF load request for new products showcase
[2026-08-18T18:34:30.597Z] [info] Starting GLTF load request for new products showcase
[2026-08-18T18:34:30.708Z] [info] Starting GLTF load request for new products showcase
[2026-08-18T18:34:30.751Z] [info] Showcase GLB loaded successfully
[2026-08-18T18:34:30.803Z] [info] Showcase GLB loaded successfully
[2026-08-18T18:34:30.814Z] [info] Showcase GLB loaded successfully
[2026-08-18T18:36:01.593Z] [info] Starting GLTF load request for new products showcase
[2026-08-18T18:36:01.724Z] [info] Starting GLTF load request for new products showcase
[2026-08-18T18:36:01.959Z] [info] Showcase GLB loaded successfully
[2026-08-18T18:36:01.986Z] [info] Showcase GLB loaded successfully
[2026-08-18T18:37:30.481Z] [info] Starting GLTF load request for new products showcase
[2026-08-18T18:37:30.887Z] [info] Starting GLTF load request for new products showcase
[2026-08-18T18:37:30.914Z] [info] Starting GLTF load request for new products showcase
[2026-08-18T18:37:30.981Z] [info] Showcase GLB loaded successfully
[2026-08-18T18:37:31.002Z] [info] Showcase GLB loaded successfully
[2026-08-18T18:37:31.020Z] [info] Showcase GLB loaded successfully
[2026-08-18T18:40:08.290Z] [info] Starting GLTF load request for new products showcase
[2026-08-18T18:40:08.599Z] [info] Starting GLTF load request for new products showcase
[2026-08-18T18:40:08.726Z] [info] Starting GLTF load request for new products showcase
[2026-08-18T18:40:08.771Z] [info] Showcase GLB loaded successfully
[2026-08-18T18:40:08.803Z] [info] Showcase GLB loaded successfully
[2026-08-18T18:40:08.820Z] [info] Showcase GLB loaded successfully
[2026-08-18T19:00:51.141Z] [info] Starting GLTF load request for new products showcase
[2026-08-18T19:00:51.270Z] [info] Starting GLTF load request for new products showcase
[2026-08-18T19:00:51.307Z] [info] Starting GLTF load request for new products showcase
[2026-08-18T19:00:51.515Z] [info] Showcase GLB loaded successfully
[2026-08-18T19:00:51.534Z] [info] Showcase GLB loaded successfully
[2026-08-18T19:00:51.572Z] [info] Showcase GLB loaded successfully
[2026-08-18T19:01:53.818Z] [info] Starting GLTF load request for new products showcase
[2026-08-18T19:01:53.943Z] [info] Starting GLTF load request for new products showcase
[2026-08-18T19:01:54.014Z] [info] Starting GLTF load request for new products showcase
[2026-08-18T19:01:54.374Z] [info] Showcase GLB loaded successfully
[2026-08-18T19:01:54.402Z] [info] Showcase GLB loaded successfully
[2026-08-18T19:01:54.428Z] [info] Showcase GLB loaded successfully
[2026-08-18T19:02:05.674Z] [info] Starting GLTF load request for new products showcase
[2026-08-18T19:02:05.793Z] [info] Showcase GLB loaded successfully
[2026-08-18T19:12:24.467Z] [info] Starting GLTF load request for new products showcase
[2026-08-18T19:12:24.540Z] [info] Starting GLTF load request for new products showcase
[2026-08-18T19:12:24.836Z] [info] Showcase GLB loaded successfully
[2026-08-18T19:12:24.854Z] [info] Showcase GLB loaded successfully
[2026-08-19T01:33:59.434Z] [info] Starting GLTF load request for new products showcase
[2026-08-19T01:33:59.973Z] [info] Starting GLTF load request for new products showcase
[2026-08-19T01:34:00.186Z] [info] Starting GLTF load request for new products showcase
[2026-08-19T01:34:02.240Z] [info] Showcase GLB loaded successfully
[2026-08-19T01:34:02.344Z] [info] Showcase GLB loaded successfully
[2026-08-19T01:34:02.375Z] [info] Showcase GLB loaded successfully
[2026-08-19T01:42:02.647Z] [info] Starting GLTF load request for new products showcase
[2026-08-19T01:42:02.710Z] [info] Starting GLTF load request for new products showcase
[2026-08-19T01:42:03.374Z] [info] Showcase GLB loaded successfully
[2026-08-19T01:42:03.407Z] [info] Showcase GLB loaded successfully
[2026-08-19T01:42:07.320Z] [info] Starting GLTF load request for new products showcase
[2026-08-19T01:42:07.446Z] [info] Starting GLTF load request for new products showcase
[2026-08-19T01:42:07.488Z] [info] Starting GLTF load request for new products showcase
[2026-08-19T01:42:08.357Z] [info] Showcase GLB loaded successfully
[2026-08-19T01:42:08.432Z] [info] Showcase GLB loaded successfully
[2026-08-19T01:42:08.516Z] [info] Showcase GLB loaded successfully
[2026-08-19T01:47:40.713Z] [info] Starting GLTF load request for new products showcase
[2026-08-19T01:47:40.791Z] [info] Starting GLTF load request for new products showcase
[2026-08-19T01:47:41.360Z] [info] Showcase GLB loaded successfully
[2026-08-19T01:47:41.389Z] [info] Showcase GLB loaded successfully
[2026-08-19T01:48:28.219Z] [info] Starting GLTF load request for new products showcase
[2026-08-19T01:48:28.313Z] [info] Starting GLTF load request for new products showcase
[2026-08-19T01:48:28.879Z] [info] Showcase GLB loaded successfully
[2026-08-19T01:48:28.978Z] [info] Showcase GLB loaded successfully
[2026-08-19T01:48:31.643Z] [info] Starting GLTF load request for new products showcase
[2026-08-19T01:48:31.732Z] [info] Starting GLTF load request for new products showcase
[2026-08-19T01:48:32.223Z] [info] Showcase GLB loaded successfully
[2026-08-19T01:48:32.508Z] [info] Showcase GLB loaded successfully
[2026-08-19T01:49:43.029Z] [info] Starting GLTF load request for new products showcase
[2026-08-19T01:49:43.081Z] [info] Starting GLTF load request for new products showcase
[2026-08-19T01:49:43.689Z] [info] Showcase GLB loaded successfully
[2026-08-19T01:49:43.719Z] [info] Showcase GLB loaded successfully
[2026-08-19T01:52:24.435Z] [info] Starting GLTF load request for new products showcase
[2026-08-19T01:52:24.494Z] [info] Starting GLTF load request for new products showcase
[2026-08-19T01:52:25.151Z] [info] Showcase GLB loaded successfully
[2026-08-19T01:52:25.182Z] [info] Showcase GLB loaded successfully
[2026-08-19T01:53:39.739Z] [info] Starting GLTF load request for new products showcase
[2026-08-19T01:53:39.796Z] [info] Starting GLTF load request for new products showcase
[2026-08-19T01:53:40.379Z] [info] Showcase GLB loaded successfully
[2026-08-19T01:53:40.422Z] [info] Showcase GLB loaded successfully
[2026-08-19T01:54:10.011Z] [info] Starting GLTF load request for new products showcase
[2026-08-19T01:54:10.125Z] [info] Starting GLTF load request for new products showcase
[2026-08-19T01:54:10.170Z] [info] Starting GLTF load request for new products showcase
[2026-08-19T01:54:10.951Z] [info] Showcase GLB loaded successfully
[2026-08-19T01:54:11.004Z] [info] Showcase GLB loaded successfully
[2026-08-19T01:54:11.036Z] [info] Showcase GLB loaded successfully
[2026-08-19T01:54:13.332Z] [info] Starting GLTF load request for new products showcase
[2026-08-19T01:54:13.440Z] [info] Starting GLTF load request for new products showcase
[2026-08-19T01:54:13.488Z] [info] Starting GLTF load request for new products showcase
[2026-08-19T01:54:14.226Z] [info] Showcase GLB loaded successfully
[2026-08-19T01:54:14.252Z] [info] Showcase GLB loaded successfully
[2026-08-19T01:54:14.275Z] [info] Showcase GLB loaded successfully
[2026-08-19T01:54:20.754Z] [info] Starting GLTF load request for new products showcase
[2026-08-19T01:54:20.860Z] [info] Starting GLTF load request for new products showcase
[2026-08-19T01:54:20.907Z] [info] Starting GLTF load request for new products showcase
[2026-08-19T01:54:21.591Z] [info] Showcase GLB loaded successfully
[2026-08-19T01:54:21.612Z] [info] Showcase GLB loaded successfully
[2026-08-19T01:54:21.636Z] [info] Showcase GLB loaded successfully
[2026-08-19T02:11:25.389Z] [info] Starting GLTF load request for new products showcase
[2026-08-19T02:11:25.473Z] [info] Starting GLTF load request for new products showcase
[2026-08-19T02:11:26.023Z] [info] Showcase GLB loaded successfully
[2026-08-19T02:11:26.075Z] [info] Showcase GLB loaded successfully
[2026-08-19T02:16:33.022Z] [info] Starting GLTF load request for new products showcase
[2026-08-19T02:16:33.261Z] [info] Starting GLTF load request for new products showcase
[2026-08-19T02:16:33.314Z] [info] Starting GLTF load request for new products showcase
[2026-08-19T02:16:34.061Z] [info] Showcase GLB loaded successfully
[2026-08-19T02:16:34.163Z] [info] Showcase GLB loaded successfully
[2026-08-19T02:16:34.213Z] [info] Showcase GLB loaded successfully
[2026-08-19T02:31:51.751Z] [info] Starting GLTF load request for new products showcase
[2026-08-19T02:31:51.834Z] [info] Starting GLTF load request for new products showcase
[2026-08-19T02:31:52.445Z] [info] Showcase GLB loaded successfully
[2026-08-19T02:31:52.771Z] [info] Showcase GLB loaded successfully
[2026-08-19T02:43:20.970Z] [info] Starting GLTF load request for new products showcase
[2026-08-19T02:43:20.998Z] [info] Starting GLTF load request for new products showcase
[2026-08-19T02:43:21.645Z] [info] Showcase GLB loaded successfully
[2026-08-19T02:43:21.691Z] [info] Showcase GLB loaded successfully
[2026-08-21T02:05:14.748Z] [info] Starting GLTF load request for new products showcase
[2026-08-21T02:05:15.389Z] [info] Starting GLTF load request for new products showcase
[2026-08-21T02:05:15.400Z] [info] Starting GLTF load request for new products showcase
[2026-08-21T02:05:18.337Z] [info] Showcase GLB loaded successfully
[2026-08-21T02:05:18.366Z] [info] Showcase GLB loaded successfully
[2026-08-21T02:05:18.390Z] [info] Showcase GLB loaded successfully
[2026-08-21T16:41:13.304Z] [info] Starting GLTF load request for new products showcase
[2026-08-21T16:41:14.091Z] [info] Starting GLTF load request for new products showcase
[2026-08-21T16:41:14.320Z] [info] Starting GLTF load request for new products showcase
[2026-08-21T16:41:14.618Z] [info] Starting GLTF load request for new products showcase
[2026-08-21T16:41:14.638Z] [info] Starting GLTF load request for new products showcase
[2026-08-21T16:41:14.900Z] [info] Showcase GLB loaded successfully
[2026-08-21T16:41:14.916Z] [info] Showcase GLB loaded successfully
[2026-08-21T16:41:14.929Z] [info] Showcase GLB loaded successfully
[2026-08-21T16:41:15.306Z] [info] Showcase GLB loaded successfully
[2026-08-21T16:41:15.340Z] [info] Showcase GLB loaded successfully
[2026-08-21T16:42:42.500Z] [info] Starting GLTF load request for new products showcase
[2026-08-21T16:42:42.890Z] [info] Starting GLTF load request for new products showcase
[2026-08-21T16:42:43.351Z] [info] Starting GLTF load request for new products showcase
[2026-08-21T16:42:43.623Z] [info] Showcase GLB loaded successfully
[2026-08-21T16:42:43.637Z] [info] Showcase GLB loaded successfully
[2026-08-21T16:42:43.651Z] [info] Showcase GLB loaded successfully
[2026-08-21T16:46:37.872Z] [info] Starting GLTF load request for new products showcase
[2026-08-21T16:46:38.177Z] [info] Starting GLTF load request for new products showcase
[2026-08-21T16:46:38.320Z] [info] Starting GLTF load request for new products showcase
[2026-08-21T16:46:38.837Z] [info] Showcase GLB loaded successfully
[2026-08-21T16:46:38.847Z] [info] Showcase GLB loaded successfully
[2026-08-21T16:46:38.858Z] [info] Showcase GLB loaded successfully
[2026-08-21T16:48:24.670Z] [info] Starting GLTF load request for new products showcase
[2026-08-21T16:48:24.946Z] [info] Starting GLTF load request for new products showcase
[2026-08-21T16:48:25.227Z] [info] Starting GLTF load request for new products showcase
[2026-08-21T16:48:25.639Z] [info] Showcase GLB loaded successfully
[2026-08-21T16:48:25.658Z] [info] Showcase GLB loaded successfully
[2026-08-21T16:48:25.821Z] [info] Showcase GLB loaded successfully
[2026-08-21T16:58:16.262Z] [info] Starting GLTF load request for new products showcase
[2026-08-21T16:58:16.615Z] [info] Starting GLTF load request for new products showcase
[2026-08-21T16:58:16.869Z] [info] Showcase GLB loaded successfully
[2026-08-21T16:58:16.892Z] [info] Showcase GLB loaded successfully
[2026-08-21T17:01:04.318Z] [info] Starting GLTF load request for new products showcase
[2026-08-21T17:01:04.696Z] [info] Starting GLTF load request for new products showcase
[2026-08-21T17:01:04.962Z] [info] Showcase GLB loaded successfully
[2026-08-21T17:01:05.303Z] [info] Showcase GLB loaded successfully
[2026-08-21T17:03:07.914Z] [info] Starting GLTF load request for new products showcase
[2026-08-21T17:03:07.970Z] [info] Starting GLTF load request for new products showcase
[2026-08-21T17:03:08.580Z] [info] Showcase GLB loaded successfully
[2026-08-21T17:03:08.608Z] [info] Showcase GLB loaded successfully
[2026-08-21T17:20:11.999Z] [info] Starting GLTF load request for new products showcase
[2026-08-21T17:20:12.530Z] [info] Starting GLTF load request for new products showcase
[2026-08-21T17:20:13.787Z] [info] Starting GLTF load request for new products showcase
[2026-08-21T17:20:14.139Z] [info] Starting GLTF load request for new products showcase
[2026-08-21T17:20:14.261Z] [info] Starting GLTF load request for new products showcase
[2026-08-21T17:20:14.398Z] [info] Starting GLTF load request for new products showcase
[2026-08-21T17:20:14.562Z] [info] Starting GLTF load request for new products showcase
[2026-08-21T17:20:14.879Z] [info] Starting GLTF load request for new products showcase
[2026-08-21T17:20:15.079Z] [info] Starting GLTF load request for new products showcase
[2026-08-21T17:20:15.764Z] [info] Starting GLTF load request for new products showcase
[2026-08-21T17:20:16.906Z] [info] Showcase GLB loaded successfully
[2026-08-21T17:20:17.084Z] [info] Showcase GLB loaded successfully
[2026-08-21T17:20:17.101Z] [info] Showcase GLB loaded successfully
[2026-08-21T17:20:17.552Z] [info] Showcase GLB loaded successfully
[2026-08-21T17:20:17.752Z] [info] Showcase GLB loaded successfully
[2026-08-21T17:20:17.765Z] [info] Showcase GLB loaded successfully
[2026-08-21T17:20:21.800Z] [info] Showcase GLB loaded successfully
[2026-08-21T17:20:21.914Z] [info] Showcase GLB loaded successfully
[2026-08-21T17:20:21.939Z] [info] Showcase GLB loaded successfully
[2026-08-21T17:20:21.953Z] [info] Showcase GLB loaded successfully
[2026-08-21T17:32:04.844Z] [info] Starting GLTF load request for new products showcase
[2026-08-21T17:32:04.958Z] [info] Starting GLTF load request for new products showcase
[2026-08-21T17:32:05.428Z] [info] Showcase GLB loaded successfully
[2026-08-21T17:32:05.468Z] [info] Showcase GLB loaded successfully
[2026-08-21T17:32:09.614Z] [info] Starting GLTF load request for new products showcase
[2026-08-21T17:32:09.815Z] [info] Starting GLTF load request for new products showcase
[2026-08-21T17:32:10.027Z] [info] Starting GLTF load request for new products showcase
[2026-08-21T17:32:10.499Z] [info] Showcase GLB loaded successfully
[2026-08-21T17:32:10.513Z] [info] Showcase GLB loaded successfully
[2026-08-21T17:32:10.526Z] [info] Showcase GLB loaded successfully
[2026-08-21T17:32:13.875Z] [info] Starting GLTF load request for new products showcase
[2026-08-21T17:32:14.087Z] [info] Starting GLTF load request for new products showcase
[2026-08-21T17:32:14.288Z] [info] Starting GLTF load request for new products showcase
[2026-08-21T17:32:14.711Z] [info] Showcase GLB loaded successfully
[2026-08-21T17:32:14.982Z] [info] Showcase GLB loaded successfully
[2026-08-21T17:32:15.007Z] [info] Showcase GLB loaded successfully
[2026-08-21T17:32:19.018Z] [info] Starting GLTF load request for new products showcase
[2026-08-21T17:32:19.288Z] [info] Starting GLTF load request for new products showcase
[2026-08-21T17:32:19.659Z] [info] Showcase GLB loaded successfully
[2026-08-21T17:32:19.710Z] [info] Showcase GLB loaded successfully
[2026-08-21T17:32:22.323Z] [info] Starting GLTF load request for new products showcase
[2026-08-21T17:32:22.537Z] [info] Starting GLTF load request for new products showcase
[2026-08-21T17:32:22.744Z] [info] Starting GLTF load request for new products showcase
[2026-08-21T17:32:23.211Z] [info] Showcase GLB loaded successfully
[2026-08-21T17:32:23.240Z] [info] Showcase GLB loaded successfully
[2026-08-21T17:32:23.268Z] [info] Showcase GLB loaded successfully
[2026-08-21T17:32:25.264Z] [info] Starting GLTF load request for new products showcase
[2026-08-21T17:32:25.462Z] [info] Starting GLTF load request for new products showcase
[2026-08-21T17:32:25.486Z] [info] Starting GLTF load request for new products showcase
[2026-08-21T17:32:26.155Z] [info] Showcase GLB loaded successfully
[2026-08-21T17:32:26.239Z] [info] Showcase GLB loaded successfully
[2026-08-21T17:32:26.316Z] [info] Showcase GLB loaded successfully
[2026-08-21T17:32:34.313Z] [info] Starting GLTF load request for new products showcase
[2026-08-21T17:32:34.522Z] [info] Starting GLTF load request for new products showcase
[2026-08-21T17:32:34.733Z] [info] Starting GLTF load request for new products showcase
[2026-08-21T17:32:35.180Z] [info] Showcase GLB loaded successfully
[2026-08-21T17:32:35.193Z] [info] Showcase GLB loaded successfully
[2026-08-21T17:32:35.221Z] [info] Showcase GLB loaded successfully
[2026-08-21T17:32:48.475Z] [info] Starting GLTF load request for new products showcase
[2026-08-21T17:32:48.743Z] [info] Starting GLTF load request for new products showcase
[2026-08-21T17:32:48.876Z] [info] Starting GLTF load request for new products showcase
[2026-08-21T17:32:49.373Z] [info] Showcase GLB loaded successfully
[2026-08-21T17:32:49.385Z] [info] Showcase GLB loaded successfully
[2026-08-21T17:32:49.571Z] [info] Showcase GLB loaded successfully
[2026-08-21T17:35:46.404Z] [info] Starting GLTF load request for new products showcase
[2026-08-21T17:35:46.605Z] [info] Starting GLTF load request for new products showcase
[2026-08-21T17:35:46.960Z] [info] Starting GLTF load request for new products showcase
[2026-08-21T17:35:47.273Z] [info] Showcase GLB loaded successfully
[2026-08-21T17:35:47.297Z] [info] Showcase GLB loaded successfully
[2026-08-21T17:35:47.319Z] [info] Showcase GLB loaded successfully
[2026-08-21T17:35:59.632Z] [info] Starting GLTF load request for new products showcase
[2026-08-21T17:35:59.827Z] [info] Starting GLTF load request for new products showcase
[2026-08-21T17:36:00.033Z] [info] Starting GLTF load request for new products showcase
[2026-08-21T17:36:00.472Z] [info] Showcase GLB loaded successfully
[2026-08-21T17:36:00.499Z] [info] Showcase GLB loaded successfully
[2026-08-21T17:36:00.513Z] [info] Showcase GLB loaded successfully
[2026-08-21T17:39:18.856Z] [info] Starting GLTF load request for new products showcase
[2026-08-21T17:39:19.247Z] [info] Starting GLTF load request for new products showcase
[2026-08-21T17:39:19.275Z] [info] Starting GLTF load request for new products showcase
[2026-08-21T17:39:19.780Z] [info] Showcase GLB loaded successfully
[2026-08-21T17:39:19.791Z] [info] Showcase GLB loaded successfully
[2026-08-21T17:39:19.803Z] [info] Showcase GLB loaded successfully
[2026-08-21T17:39:58.488Z] [info] Starting GLTF load request for new products showcase
[2026-08-21T17:39:59.162Z] [info] Starting GLTF load request for new products showcase
[2026-08-21T17:39:59.230Z] [info] Starting GLTF load request for new products showcase
[2026-08-21T17:39:59.636Z] [info] Starting GLTF load request for new products showcase
[2026-08-21T17:39:59.767Z] [info] Starting GLTF load request for new products showcase
[2026-08-21T17:40:00.061Z] [info] Starting GLTF load request for new products showcase
[2026-08-21T17:40:00.395Z] [info] Showcase GLB loaded successfully
[2026-08-21T17:40:00.410Z] [info] Showcase GLB loaded successfully
[2026-08-21T17:40:00.431Z] [info] Showcase GLB loaded successfully
[2026-08-21T17:40:02.641Z] [info] Showcase GLB loaded successfully
[2026-08-21T17:40:02.682Z] [info] Showcase GLB loaded successfully
[2026-08-21T17:40:02.705Z] [info] Showcase GLB loaded successfully
[2026-08-21T17:43:14.642Z] [info] Starting GLTF load request for new products showcase
[2026-08-21T17:43:14.909Z] [info] Starting GLTF load request for new products showcase
[2026-08-21T17:43:15.164Z] [info] Starting GLTF load request for new products showcase
[2026-08-21T17:43:15.591Z] [info] Showcase GLB loaded successfully
[2026-08-21T17:43:15.602Z] [info] Showcase GLB loaded successfully
[2026-08-21T17:43:15.613Z] [info] Showcase GLB loaded successfully
[2026-08-21T17:43:48.408Z] [info] Starting GLTF load request for new products showcase
[2026-08-21T17:43:48.444Z] [info] Starting GLTF load request for new products showcase
[2026-08-21T17:43:49.149Z] [info] Starting GLTF load request for new products showcase
[2026-08-21T17:43:49.177Z] [info] Starting GLTF load request for new products showcase
[2026-08-21T17:43:49.288Z] [info] Starting GLTF load request for new products showcase
[2026-08-21T17:43:49.645Z] [info] Starting GLTF load request for new products showcase
[2026-08-21T17:43:49.759Z] [info] Starting GLTF load request for new products showcase
[2026-08-21T17:43:50.095Z] [info] Starting GLTF load request for new products showcase
[2026-08-21T17:43:50.749Z] [info] Starting GLTF load request for new products showcase
[2026-08-21T17:43:51.204Z] [info] Showcase GLB loaded successfully
[2026-08-21T17:43:51.467Z] [info] Showcase GLB loaded successfully
[2026-08-21T17:43:51.478Z] [info] Showcase GLB loaded successfully
[2026-08-21T17:43:51.489Z] [info] Showcase GLB loaded successfully
[2026-08-21T17:43:51.501Z] [info] Showcase GLB loaded successfully
[2026-08-21T17:43:51.512Z] [info] Showcase GLB loaded successfully
[2026-08-21T17:43:53.851Z] [info] Showcase GLB loaded successfully
[2026-08-21T17:43:53.875Z] [info] Showcase GLB loaded successfully
[2026-08-21T17:43:53.920Z] [info] Showcase GLB loaded successfully
[2026-08-21T17:44:17.047Z] [info] Starting GLTF load request for new products showcase
[2026-08-21T17:44:17.500Z] [info] Starting GLTF load request for new products showcase
[2026-08-21T17:44:17.947Z] [info] Starting GLTF load request for new products showcase
[2026-08-21T17:44:20.360Z] [info] Showcase GLB loaded successfully
[2026-08-21T17:44:20.388Z] [info] Showcase GLB loaded successfully
[2026-08-21T17:44:20.404Z] [info] Showcase GLB loaded successfully
[2026-08-21T17:44:48.161Z] [info] Starting GLTF load request for new products showcase
[2026-08-21T17:44:48.379Z] [info] Starting GLTF load request for new products showcase
[2026-08-21T17:44:48.610Z] [info] Starting GLTF load request for new products showcase
[2026-08-21T17:44:49.072Z] [info] Showcase GLB loaded successfully
[2026-08-21T17:44:49.083Z] [info] Showcase GLB loaded successfully
[2026-08-21T17:44:49.308Z] [info] Showcase GLB loaded successfully
[2026-08-21T17:45:14.910Z] [info] Starting GLTF load request for new products showcase
[2026-08-21T17:45:15.983Z] [info] Starting GLTF load request for new products showcase
[2026-08-21T17:45:16.708Z] [info] Starting GLTF load request for new products showcase
[2026-08-21T17:45:16.942Z] [info] Starting GLTF load request for new products showcase
[2026-08-21T17:45:18.952Z] [info] Starting GLTF load request for new products showcase
[2026-08-21T17:45:19.290Z] [info] Starting GLTF load request for new products showcase
[2026-08-21T17:45:20.010Z] [info] Starting GLTF load request for new products showcase
[2026-08-21T17:45:20.240Z] [info] Starting GLTF load request for new products showcase
[2026-08-21T17:45:20.467Z] [info] Starting GLTF load request for new products showcase
[2026-08-21T17:45:20.718Z] [info] Showcase GLB loaded successfully
[2026-08-21T17:45:20.728Z] [info] Showcase GLB loaded successfully
[2026-08-21T17:45:20.737Z] [info] Showcase GLB loaded successfully
[2026-08-21T17:45:21.178Z] [info] Showcase GLB loaded successfully
[2026-08-21T17:45:21.190Z] [info] Showcase GLB loaded successfully
[2026-08-21T17:45:21.200Z] [info] Showcase GLB loaded successfully
[2026-08-21T17:45:21.216Z] [info] Showcase GLB loaded successfully
[2026-08-21T17:45:21.227Z] [info] Showcase GLB loaded successfully
[2026-08-21T17:45:21.237Z] [info] Showcase GLB loaded successfully
[2026-08-21T17:45:32.142Z] [info] Starting GLTF load request for new products showcase
[2026-08-21T17:45:32.722Z] [info] Starting GLTF load request for new products showcase
[2026-08-21T17:45:33.044Z] [info] Starting GLTF load request for new products showcase
[2026-08-21T17:45:33.176Z] [info] Starting GLTF load request for new products showcase
[2026-08-21T17:45:33.308Z] [info] Starting GLTF load request for new products showcase
[2026-08-21T17:45:33.319Z] [info] Starting GLTF load request for new products showcase
[2026-08-21T17:45:35.327Z] [info] Starting GLTF load request for new products showcase
[2026-08-21T17:45:36.923Z] [info] Starting GLTF load request for new products showcase
[2026-08-21T17:45:37.632Z] [info] Starting GLTF load request for new products showcase
[2026-08-21T17:45:37.883Z] [info] Showcase GLB loaded successfully
[2026-08-21T17:45:37.897Z] [info] Showcase GLB loaded successfully
[2026-08-21T17:45:37.912Z] [info] Showcase GLB loaded successfully
[2026-08-21T17:45:37.926Z] [info] Showcase GLB loaded successfully
[2026-08-21T17:45:37.940Z] [info] Showcase GLB loaded successfully
[2026-08-21T17:45:37.954Z] [info] Showcase GLB loaded successfully
[2026-08-21T17:45:47.948Z] [info] Starting GLTF load request for new products showcase
[2026-08-21T17:45:48.278Z] [info] Starting GLTF load request for new products showcase
[2026-08-21T17:45:48.479Z] [info] Starting GLTF load request for new products showcase
[2026-08-21T17:45:48.494Z] [info] Showcase GLB loaded successfully
[2026-08-21T17:45:48.505Z] [info] Showcase GLB loaded successfully
[2026-08-21T17:45:48.518Z] [info] Showcase GLB loaded successfully
[2026-08-21T17:45:48.878Z] [info] Showcase GLB loaded successfully
[2026-08-21T17:45:48.891Z] [info] Showcase GLB loaded successfully
[2026-08-21T17:45:48.985Z] [info] Showcase GLB loaded successfully
[2026-08-21T17:46:19.678Z] [info] Starting GLTF load request for new products showcase
[2026-08-21T17:46:19.913Z] [info] Starting GLTF load request for new products showcase
[2026-08-21T17:46:20.081Z] [info] Starting GLTF load request for new products showcase
[2026-08-21T17:46:20.562Z] [info] Showcase GLB loaded successfully
[2026-08-21T17:46:20.572Z] [info] Showcase GLB loaded successfully
[2026-08-21T17:46:20.583Z] [info] Showcase GLB loaded successfully
[2026-08-21T17:47:00.484Z] [info] Starting GLTF load request for new products showcase
[2026-08-21T17:47:00.535Z] [info] Starting GLTF load request for new products showcase
[2026-08-21T17:47:01.057Z] [info] Showcase GLB loaded successfully
[2026-08-21T17:47:01.086Z] [info] Showcase GLB loaded successfully
[2026-08-21T17:59:09.238Z] [info] Starting GLTF load request for new products showcase
[2026-08-21T17:59:09.341Z] [info] Starting GLTF load request for new products showcase
[2026-08-21T17:59:09.746Z] [info] Showcase GLB loaded successfully
[2026-08-21T17:59:09.774Z] [info] Showcase GLB loaded successfully
[2026-08-21T18:01:24.200Z] [info] Starting GLTF load request for new products showcase
[2026-08-21T18:01:24.250Z] [info] Starting GLTF load request for new products showcase
[2026-08-21T18:01:24.732Z] [info] Showcase GLB loaded successfully
[2026-08-21T18:01:24.763Z] [info] Showcase GLB loaded successfully
[2026-08-21T18:01:48.695Z] [info] Starting GLTF load request for new products showcase
[2026-08-21T18:01:48.744Z] [info] Starting GLTF load request for new products showcase
[2026-08-21T18:01:49.253Z] [info] Showcase GLB loaded successfully
[2026-08-21T18:01:49.274Z] [info] Showcase GLB loaded successfully
[2026-08-21T18:05:23.379Z] [info] Starting GLTF load request for new products showcase
[2026-08-21T18:05:23.526Z] [info] Starting GLTF load request for new products showcase
[2026-08-21T18:05:23.918Z] [info] Showcase GLB loaded successfully
[2026-08-21T18:05:23.962Z] [info] Showcase GLB loaded successfully
[2026-08-21T18:06:05.163Z] [info] Starting GLTF load request for new products showcase
[2026-08-21T18:06:05.225Z] [info] Starting GLTF load request for new products showcase
[2026-08-21T18:06:05.736Z] [info] Showcase GLB loaded successfully
[2026-08-21T18:06:05.776Z] [info] Showcase GLB loaded successfully
[2026-08-22T01:34:43.592Z] [info] Starting GLTF load request for new products showcase
[2026-08-22T01:34:43.668Z] [info] Starting GLTF load request for new products showcase
[2026-08-22T01:34:44.259Z] [info] Showcase GLB loaded successfully
[2026-08-22T01:34:44.296Z] [info] Showcase GLB loaded successfully
[2026-08-22T01:36:31.523Z] [info] Starting GLTF load request for new products showcase
[2026-08-22T01:36:31.592Z] [info] Starting GLTF load request for new products showcase
[2026-08-22T01:36:32.128Z] [info] Showcase GLB loaded successfully
[2026-08-22T01:36:32.439Z] [info] Showcase GLB loaded successfully
[2026-08-22T01:39:57.043Z] [info] Starting GLTF load request for new products showcase
[2026-08-22T01:39:57.284Z] [info] Starting GLTF load request for new products showcase
[2026-08-22T01:39:57.595Z] [info] Showcase GLB loaded successfully
[2026-08-22T01:39:57.627Z] [info] Showcase GLB loaded successfully
[2026-08-22T01:43:55.942Z] [info] Starting GLTF load request for new products showcase
[2026-08-22T01:43:56.002Z] [info] Starting GLTF load request for new products showcase
[2026-08-22T01:43:56.560Z] [info] Showcase GLB loaded successfully
[2026-08-22T01:43:56.591Z] [info] Showcase GLB loaded successfully
[2026-08-22T01:44:30.245Z] [info] Starting GLTF load request for new products showcase
[2026-08-22T01:44:30.314Z] [info] Starting GLTF load request for new products showcase
[2026-08-22T01:44:30.766Z] [info] Showcase GLB loaded successfully
[2026-08-22T01:44:30.798Z] [info] Showcase GLB loaded successfully
